CELL 3 OUTPUT
Working directory: /home/user/project/notebooks

CELL 5 OUTPUT
WARNING: All log messages before absl::InitializeLog() is called are written to STDERR
I0000 00:00:1787006558.390804     546 port.cc:153] oneDNN custom operations are on. You may see slightly different numerical results due to floating-point round-off errors from different computation orders. To turn them off, set the environment variable `TF_ENABLE_ONEDNN_OPTS=0`.
I0000 00:00:1787006558.523316     546 cpu_feature_guard.cc:227] This TensorFlow binary is optimized to use available CPU instructions in performance-critical operations.
To enable the following instructions: AVX2 AVX512F AVX512_VNNI AVX512_BF16 AVX512_FP16 AVX_VNNI AMX_TILE AMX_INT8 AMX_BF16 FMA, in other operations, rebuild TensorFlow with the appropriate compiler flags.

CELL 5 OUTPUT
WARNING: All log messages before absl::InitializeLog() is called are written to STDERR
I0000 00:00:1787006560.321915     546 port.cc:153] oneDNN custom operations are on. You may see slightly different numerical results due to floating-point round-off errors from different computation orders. To turn them off, set the environment variable `TF_ENABLE_ONEDNN_OPTS=0`.

CELL 5 OUTPUT
Python        : 3.12.3 (main, Mar  3 2026, 12:15:18) [GCC 13.3.0]
pandas        : 3.0.2
numpy         : 2.4.4
scikit-learn  : 1.8.0
tensorflow    : 2.21.0
xgboost       : 3.4.1
shap          : 0.52.0
Colab         : False

CELL 6 OUTPUT
2026-08-17 22:42:40,670 | INFO     | v3 notebook — 6-model multi-architecture framework

CELL 6 OUTPUT
Config ready.

CELL 9 OUTPUT
2026-08-17 22:42:40,888 | INFO     | CICIDS2017 loaded 0.21s

CELL 9 OUTPUT
CICIDS2017: rows=12,040  cols=47  mem=4.86MB  dups=40

CELL 9 DISPLAY
   Flow Duration  Total Fwd Packets  Total Backward Packets  \
0     141.728449         245.061474              149.276886   
1     116.684078         252.340478              138.868186   
2      99.375491         246.559247              139.445177   
3     117.971336         129.486527               94.478257   
4     262.135910         393.540079              142.525214   

   Total Length of Fwd Packets  Total Length of Bwd Packets  \
0                   104.520643                    49.765400   
1                    84.055773                   155.163015   
2                   148.090907                    44.448477   
3                    71.697481                   232.035145   
4                    78.086757                    25.165495   

   Fwd Packet Length Max  Fwd Packet Length Min  Fwd Packet Length Mean  \
0              86.189112             227.374433              289.641875   
1              13.014465             242.954933              269.202210   
2             104.272638             211.931925              224.462456   
3              65.270498             112.746730              334.604599   
4              20.985342             198.232238              178.542918   

   Fwd Packet Length Std  Bwd Packet Length Max  ...  Packet Length Variance  \
0             105.673252             219.518676  ...              312.849761   
1             151.227537             256.013751  ...              316.953803   
2             242.936470             210.160871  ...              312.764188   
3              47.524708             161.045562  ...              214.998656   
4             100.417704             171.081175  ...              358.214134   

   SYN Flag Count  RST Flag Count  ACK Flag Count  Average Packet Size  \
0       41.298266      194.575742      547.960520            90.768987   
1       15.904380      184.404678      459.273872           104.142219   
2       22.280624      286.259355      425.604529           103.630875   
3      197.713608       88.344278       80.090313           197.881132   
4       12.069654      227.787464      446.436492           149.506845   

   Subflow Fwd Packets  Subflow Fwd Bytes  Active Mean   Idle Mean     Label  
0           184.414500         419.138663   102.183452  345.045845    BENIGN  
1           101.310425         334.485134   127.534914  349.849313    BENIGN  
2           163.899670         374.889287    74.613875  366.671188    BENIGN  
3           226.900130         166.878556    56.548128  265.560463  DoS Hulk  
4            92.575257         366.447514    81.795678  309.558899    BENIGN  

[5 rows x 47 columns]

CELL 11 OUTPUT
CIC-IDS2018: rows=8,026  cols=60  mem=4.06MB

Class distribution:
 Label
Benign                      5217
DoS attacks-Hulk             640
DDoS attacks-LOIC-HTTP       561
Bot                          402
Brute Force -XSS             323
Brute Force -Web             321
SQL Injection                240
Infilteration                162
DoS attacks-SlowHTTPTest     160
Name: count, dtype: int64

CELL 12 DISPLAY
<Figure size 1650x550 with 2 Axes>

CELL 14 OUTPUT
Shape: (12040, 47)

Dtype counts:
 float64    46
str         1
Name: count, dtype: int64

CELL 15 OUTPUT
Columns with missing values: 1

CELL 15 DISPLAY
<Figure size 880x330 with 1 Axes>

CELL 16 DISPLAY
<Figure size 1540x550 with 2 Axes>

CELL 17 DISPLAY
                               count        mean        std        min  \
Flow Duration                12040.0         inf        NaN  28.552532   
Total Fwd Packets            11981.0  245.501611  85.475718   9.622843   
Total Backward Packets       12040.0  169.838036  46.728525  31.332361   
Total Length of Fwd Packets  12040.0  109.563512  49.381755   5.265722   
Total Length of Bwd Packets  12040.0   96.088874  82.989428  11.490948   
Fwd Packet Length Max        12040.0   80.120817  66.474564  10.282136   
Fwd Packet Length Min        12040.0  217.945064  61.969635   7.561500   
Fwd Packet Length Mean       12040.0  195.436721  49.697289   8.881569   
Fwd Packet Length Std        12040.0  152.679492  88.142523   3.414180   
Bwd Packet Length Max        12040.0  177.188009  44.343106  33.921911   
Bwd Packet Length Min        12040.0  142.627632  53.695865  20.108019   
Bwd Packet Length Mean       12040.0  191.384464  52.088731  32.982524   
Bwd Packet Length Std        12040.0  147.271204  56.938473   5.956248   
Flow Bytes/s                 12040.0  153.495338  72.376494  33.060726   
Flow Packets/s               12040.0  183.366669  69.064256  22.364662   

                                    25%         50%         75%         max  \
Flow Duration                 98.166557  126.327623  160.506526         inf   
Total Fwd Packets            193.385668  267.703936  300.353161  475.680089   
Total Backward Packets       140.115116  165.831191  198.722776  420.823633   
Total Length of Fwd Packets   77.659869  100.841174  132.379632  457.095229   
Total Length of Bwd Packets   37.179704   66.434577  119.222150  487.349879   
Fwd Packet Length Max         33.653088   59.627814  102.204584  414.627791   
Fwd Packet Length Min        199.211850  223.582067  255.257693  424.263303   
Fwd Packet Length Mean       176.292832  196.666530  223.705172  393.785462   
Fwd Packet Length Std        104.034823  132.210413  172.241498  626.738351   
Bwd Packet Length Max        152.942343  174.408241  203.397453  367.137159   
Bwd Packet Length Min        110.104519  132.227827  163.666302  533.201625   
Bwd Packet Length Mean       160.434915  185.466036  220.840732  440.181234   
Bwd Packet Length Std        113.596294  140.647125  178.856149  385.185493   
Flow Bytes/s                 101.580244  132.038985  183.556244  482.136252   
Flow Packets/s               148.237715  175.573486  211.929304  629.780400   

                                 skew  
Flow Duration                     NaN  
Total Fwd Packets           -0.850226  
Total Backward Packets       0.268905  
Total Length of Fwd Packets  1.412561  
Total Length of Bwd Packets  1.413189  
Fwd Packet Length Max        1.647445  
Fwd Packet Length Min       -0.815975  
Fwd Packet Length Mean      -0.687642  
Fwd Packet Length Std        2.112252  
Bwd Packet Length Max       -0.087241  
Bwd Packet Length Min        1.778600  
Bwd Packet Length Mean       0.278185  
Bwd Packet Length Std        0.269230  
Flow Bytes/s                 1.170618  
Flow Packets/s               1.311904

CELL 18 DISPLAY
<Figure size 1540x1100 with 9 Axes>

CELL 19 DISPLAY
<Figure size 1540x1100 with 9 Axes>

CELL 20 DISPLAY
<Figure size 1320x1100 with 2 Axes>

CELL 21 DISPLAY
<Figure size 1500.25x1375 with 30 Axes>

CELL 22 OUTPUT
Top-10 columns by IQR-outlier fraction:
Min Packet Length         0.166362
Fwd Header Length         0.164369
Fwd IAT Std               0.163455
Flow IAT Max              0.145598
Packet Length Variance    0.126661
Fwd Packet Length Min     0.109718
Bwd PSH Flags             0.104900
Bwd Header Length         0.103405
Bwd IAT Std               0.100000
Bwd IAT Total             0.099917
dtype: float64

CELL 24 OUTPUT
2026-08-17 22:42:49,878 | INFO     | Cleaning: {"duplicates_removed": 40, "missing_before_drop": 118, "rows_dropped_nan_inf": 118, "id_columns_dropped": [], "zero_variance_dropped": [], "final_shape": [11882, 47]}

CELL 24 OUTPUT
{
  "duplicates_removed": 40,
  "missing_before_drop": 118,
  "rows_dropped_nan_inf": 118,
  "id_columns_dropped": [],
  "zero_variance_dropped": [],
  "final_shape": [
    11882,
    47
  ]
}

CELL 24 OUTPUT

CICIDS2017 after cleaning: (11882, 47)

CELL 25 OUTPUT
2026-08-17 22:42:50,795 | INFO     | Cleaning: {"duplicates_removed": 26, "missing_before_drop": 76, "rows_dropped_nan_inf": 76, "id_columns_dropped": [], "zero_variance_dropped": [], "final_shape": [7924, 60]}

CELL 25 OUTPUT
{
  "duplicates_removed": 26,
  "missing_before_drop": 76,
  "rows_dropped_nan_inf": 76,
  "id_columns_dropped": [],
  "zero_variance_dropped": [],
  "final_shape": [
    7924,
    60
  ]
}

CELL 25 OUTPUT

CIC-IDS2018 after cleaning: (7924, 60)

CELL 27 OUTPUT
Binary balance:
 Label
0    8554
1    3328
Name: count, dtype: int64

CELL 28 OUTPUT
Variance-threshold removed 0: []
Correlation filter removed 0: []

CELL 29 DISPLAY
<Figure size 880x880 with 1 Axes>

CELL 30 OUTPUT
Selected 22 features (RF ∩ MI top-25):
['ACK Flag Count', 'Bwd IAT Std', 'Bwd IAT Total', 'Bwd PSH Flags', 'Flow Bytes/s', 'Flow IAT Max', 'Flow IAT Min', 'Fwd Header Length', 'Fwd IAT Std', 'Fwd Packet Length Max', 'Fwd Packet Length Min', 'Fwd Packets/s', 'Fwd URG Flags', 'Idle Mean', 'Max Packet Length', 'Min Packet Length', 'Packet Length Variance', 'RST Flag Count', 'SYN Flag Count', 'Subflow Fwd Bytes', 'Total Fwd Packets', 'Total Length of Bwd Packets']

CELL 31 OUTPUT
RFE ranking (1=confirmed):
ACK Flag Count       1
Bwd PSH Flags        1
Fwd Header Length    1
Flow IAT Max         1
Idle Mean            1
Max Packet Length    1
Min Packet Length    1
Fwd IAT Std          1
SYN Flag Count       1
Total Fwd Packets    1
dtype: int64

CELL 32 DISPLAY
<Figure size 770x440 with 1 Axes>

CELL 34 OUTPUT
Train:(8317, 22)  Val:(1782, 22)  Test:(1783, 22)

CELL 35 OUTPUT
class_weight_balanced      F1=1.0000 ± 0.0000

CELL 35 OUTPUT
random_oversampling        F1=1.0000 ± 0.0000

CELL 35 OUTPUT
smote                      F1=1.0000 ± 0.0000

CELL 35 OUTPUT
random_undersampling       F1=1.0000 ± 0.0000

Selected: class_weight_balanced

CELL 36 DISPLAY
<Figure size 1210x440 with 2 Axes>

CELL 38 OUTPUT
Train (post-resample): (8317, 22)  Val: (1782, 22)  Test: (1783, 22)

CELL 42 OUTPUT
LR best params: {'clf__solver': 'lbfgs', 'clf__C': 100}  CV F1=1.0000  0.3s

CELL 44 OUTPUT
DT best params: {'clf__min_samples_split': 10, 'clf__max_depth': 20, 'clf__criterion': 'gini'}  CV F1=0.9998  0.6s

CELL 46 OUTPUT
NB trained in 0.00s

CELL 48 OUTPUT
RF best params: {'clf__n_estimators': 200, 'clf__min_samples_split': 5, 'clf__max_depth': 40}  CV F1=1.0000  23.7s

CELL 50 OUTPUT
SVM training on 6000 samples (scalability cap = 6000)

CELL 50 OUTPUT
SVM best params: {'clf__gamma': 'scale', 'clf__C': 1}  CV F1=1.0000  1.4s

CELL 52 OUTPUT
XGB best params: {'clf__subsample': 1.0, 'clf__reg_lambda': 1, 'clf__reg_alpha': 0.1, 'clf__n_estimators': 200, 'clf__max_depth': 6, 'clf__learning_rate': 0.2}  CV F1=1.0000  3.4s

CELL 54 DISPLAY
[1mModel: "functional"[0m

CELL 54 DISPLAY
┏━━━━━━━━━━━━━━━━━━━━━━━━━━━━━━━━━┳━━━━━━━━━━━━━━━━━━━━━━━━┳━━━━━━━━━━━━━━━┓
┃[1m [0m[1mLayer (type)                   [0m[1m [0m┃[1m [0m[1mOutput Shape          [0m[1m [0m┃[1m [0m[1m      Param #[0m[1m [0m┃
┡━━━━━━━━━━━━━━━━━━━━━━━━━━━━━━━━━╇━━━━━━━━━━━━━━━━━━━━━━━━╇━━━━━━━━━━━━━━━┩
│ input_layer ([38;5;33mInputLayer[0m)        │ ([38;5;45mNone[0m, [38;5;34m22[0m)             │             [38;5;34m0[0m │
├─────────────────────────────────┼────────────────────────┼───────────────┤
│ dense ([38;5;33mDense[0m)                   │ ([38;5;45mNone[0m, [38;5;34m128[0m)            │         [38;5;34m2,944[0m │
├─────────────────────────────────┼────────────────────────┼───────────────┤
│ batch_normalization             │ ([38;5;45mNone[0m, [38;5;34m128[0m)            │           [38;5;34m512[0m │
│ ([38;5;33mBatchNormalization[0m)            │                        │               │
├─────────────────────────────────┼────────────────────────┼───────────────┤
│ dropout ([38;5;33mDropout[0m)               │ ([38;5;45mNone[0m, [38;5;34m128[0m)            │             [38;5;34m0[0m │
├─────────────────────────────────┼────────────────────────┼───────────────┤
│ dense_1 ([38;5;33mDense[0m)                 │ ([38;5;45mNone[0m, [38;5;34m64[0m)             │         [38;5;34m8,256[0m │
├─────────────────────────────────┼────────────────────────┼───────────────┤
│ batch_normalization_1           │ ([38;5;45mNone[0m, [38;5;34m64[0m)             │           [38;5;34m256[0m │
│ ([38;5;33mBatchNormalization[0m)            │                        │               │
├─────────────────────────────────┼────────────────────────┼───────────────┤
│ dropout_1 ([38;5;33mDropout[0m)             │ ([38;5;45mNone[0m, [38;5;34m64[0m)             │             [38;5;34m0[0m │
├─────────────────────────────────┼────────────────────────┼───────────────┤
│ dense_2 ([38;5;33mDense[0m)                 │ ([38;5;45mNone[0m, [38;5;34m32[0m)             │         [38;5;34m2,080[0m │
├─────────────────────────────────┼────────────────────────┼───────────────┤
│ batch_normalization_2           │ ([38;5;45mNone[0m, [38;5;34m32[0m)             │           [38;5;34m128[0m │
│ ([38;5;33mBatchNormalization[0m)            │                        │               │
├─────────────────────────────────┼────────────────────────┼───────────────┤
│ dense_3 ([38;5;33mDense[0m)                 │ ([38;5;45mNone[0m, [38;5;34m1[0m)              │            [38;5;34m33[0m │
└─────────────────────────────────┴────────────────────────┴───────────────┘

CELL 54 DISPLAY
[1m Total params: [0m[38;5;34m14,209[0m (55.50 KB)

CELL 54 DISPLAY
[1m Trainable params: [0m[38;5;34m13,761[0m (53.75 KB)

CELL 54 DISPLAY
[1m Non-trainable params: [0m[38;5;34m448[0m (1.75 KB)

CELL 55 OUTPUT
NN trained 60 epochs in 17.7s

CELL 56 DISPLAY
<Figure size 1320x440 with 2 Axes>

CELL 58 DISPLAY
<Figure size 1100x550 with 1 Axes>

CELL 58 DISPLAY
                 model  variant  val_f1
0  Logistic Regression  untuned     1.0
1  Logistic Regression    tuned     1.0
2        Decision Tree  untuned     1.0
3        Decision Tree    tuned     1.0
4        Random Forest  untuned     1.0
5        Random Forest    tuned     1.0
6              XGBoost  untuned     1.0
7              XGBoost    tuned     1.0
8                  SVM  untuned     1.0
9                  SVM    tuned     1.0

CELL 60 OUTPUT
Soft-voting validation F1: 1.0000

CELL 61 OUTPUT
Stacking validation F1: 1.0000  (3.4s)
Selected: SOFT VOTING (RF + SVM + XGBoost + NN)

CELL 63 OUTPUT

=======================================================
  Logistic Regression
=======================================================
  accuracy                 : 1.0000
  precision                : 1.0000
  recall                   : 1.0000
  f1_score                 : 1.0000
  specificity              : 1.0000
  sensitivity              : 1.0000
  false_positive_rate      : 0.0000
  false_negative_rate      : 0.0000
  balanced_accuracy        : 1.0000
  matthews_corrcoef        : 1.0000
  cohen_kappa              : 1.0000
  roc_auc                  : 1.0000
  pr_auc                   : 1.0000
              precision    recall  f1-score   support

      BENIGN       1.00      1.00      1.00      1283
      ATTACK       1.00      1.00      1.00       500

    accuracy                           1.00      1783
   macro avg       1.00      1.00      1.00      1783
weighted avg       1.00      1.00      1.00      1783


=======================================================
  Decision Tree
=======================================================
  accuracy                 : 1.0000
  precision                : 1.0000
  recall                   : 1.0000
  f1_score                 : 1.0000
  specificity              : 1.0000
  sensitivity              : 1.0000
  false_positive_rate      : 0.0000
  false_negative_rate      : 0.0000
  balanced_accuracy        : 1.0000
  matthews_corrcoef        : 1.0000
  cohen_kappa              : 1.0000
  roc_auc                  : 1.0000
  pr_auc                   : 1.0000
              precision    recall  f1-score   support

      BENIGN       1.00      1.00      1.00      1283
      ATTACK       1.00      1.00      1.00       500

    accuracy                           1.00      1783
   macro avg       1.00      1.00      1.00      1783
weighted avg       1.00      1.00      1.00      1783


=======================================================
  Naive Bayes
=======================================================
  accuracy                 : 1.0000
  precision                : 1.0000
  recall                   : 1.0000
  f1_score                 : 1.0000
  specificity              : 1.0000
  sensitivity              : 1.0000
  false_positive_rate      : 0.0000
  false_negative_rate      : 0.0000
  balanced_accuracy        : 1.0000
  matthews_corrcoef        : 1.0000
  cohen_kappa              : 1.0000
  roc_auc                  : 1.0000
  pr_auc                   : 1.0000
              precision    recall  f1-score   support

      BENIGN       1.00      1.00      1.00      1283
      ATTACK       1.00      1.00      1.00       500

    accuracy                           1.00      1783
   macro avg       1.00      1.00      1.00      1783
weighted avg       1.00      1.00      1.00      1783


=======================================================
  Random Forest
=======================================================
  accuracy                 : 1.0000
  precision                : 1.0000
  recall                   : 1.0000
  f1_score                 : 1.0000
  specificity              : 1.0000
  sensitivity              : 1.0000
  false_positive_rate      : 0.0000
  false_negative_rate      : 0.0000
  balanced_accuracy        : 1.0000
  matthews_corrcoef        : 1.0000
  cohen_kappa              : 1.0000
  roc_auc                  : 1.0000
  pr_auc                   : 1.0000
              precision    recall  f1-score   support

      BENIGN       1.00      1.00      1.00      1283
      ATTACK       1.00      1.00      1.00       500

    accuracy                           1.00      1783
   macro avg       1.00      1.00      1.00      1783
weighted avg       1.00      1.00      1.00      1783


=======================================================
  SVM
=======================================================
  accuracy                 : 1.0000
  precision                : 1.0000
  recall                   : 1.0000
  f1_score                 : 1.0000
  specificity              : 1.0000
  sensitivity              : 1.0000
  false_positive_rate      : 0.0000
  false_negative_rate      : 0.0000
  balanced_accuracy        : 1.0000
  matthews_corrcoef        : 1.0000
  cohen_kappa              : 1.0000
  roc_auc                  : 1.0000
  pr_auc                   : 1.0000
              precision    recall  f1-score   support

      BENIGN       1.00      1.00      1.00      1283
      ATTACK       1.00      1.00      1.00       500

    accuracy                           1.00      1783
   macro avg       1.00      1.00      1.00      1783
weighted avg       1.00      1.00      1.00      1783


=======================================================
  XGBoost
=======================================================
  accuracy                 : 1.0000
  precision                : 1.0000
  recall                   : 1.0000
  f1_score                 : 1.0000
  specificity              : 1.0000
  sensitivity              : 1.0000
  false_positive_rate      : 0.0000
  false_negative_rate      : 0.0000
  balanced_accuracy        : 1.0000
  matthews_corrcoef        : 1.0000
  cohen_kappa              : 1.0000
  roc_auc                  : 1.0000
  pr_auc                   : 1.0000
              precision    recall  f1-score   support

      BENIGN       1.00      1.00      1.00      1283
      ATTACK       1.00      1.00      1.00       500

    accuracy                           1.00      1783
   macro avg       1.00      1.00      1.00      1783
weighted avg       1.00      1.00      1.00      1783

CELL 63 OUTPUT

=======================================================
  Neural Network
=======================================================
  accuracy                 : 1.0000
  precision                : 1.0000
  recall                   : 1.0000
  f1_score                 : 1.0000
  specificity              : 1.0000
  sensitivity              : 1.0000
  false_positive_rate      : 0.0000
  false_negative_rate      : 0.0000
  balanced_accuracy        : 1.0000
  matthews_corrcoef        : 1.0000
  cohen_kappa              : 1.0000
  roc_auc                  : 1.0000
  pr_auc                   : 1.0000
              precision    recall  f1-score   support

      BENIGN       1.00      1.00      1.00      1283
      ATTACK       1.00      1.00      1.00       500

    accuracy                           1.00      1783
   macro avg       1.00      1.00      1.00      1783
weighted avg       1.00      1.00      1.00      1783

CELL 63 OUTPUT

=======================================================
  Ensemble
=======================================================
  accuracy                 : 1.0000
  precision                : 1.0000
  recall                   : 1.0000
  f1_score                 : 1.0000
  specificity              : 1.0000
  sensitivity              : 1.0000
  false_positive_rate      : 0.0000
  false_negative_rate      : 0.0000
  balanced_accuracy        : 1.0000
  matthews_corrcoef        : 1.0000
  cohen_kappa              : 1.0000
  roc_auc                  : 1.0000
  pr_auc                   : 1.0000
              precision    recall  f1-score   support

      BENIGN       1.00      1.00      1.00      1283
      ATTACK       1.00      1.00      1.00       500

    accuracy                           1.00      1783
   macro avg       1.00      1.00      1.00      1783
weighted avg       1.00      1.00      1.00      1783

CELL 63 DISPLAY
                     accuracy  precision  recall  f1_score  specificity  \
Logistic Regression       1.0        1.0     1.0       1.0          1.0   
Decision Tree             1.0        1.0     1.0       1.0          1.0   
Naive Bayes               1.0        1.0     1.0       1.0          1.0   
Random Forest             1.0        1.0     1.0       1.0          1.0   
SVM                       1.0        1.0     1.0       1.0          1.0   
XGBoost                   1.0        1.0     1.0       1.0          1.0   
Neural Network            1.0        1.0     1.0       1.0          1.0   
Ensemble                  1.0        1.0     1.0       1.0          1.0   

                     sensitivity  false_positive_rate  false_negative_rate  \
Logistic Regression          1.0                  0.0                  0.0   
Decision Tree                1.0                  0.0                  0.0   
Naive Bayes                  1.0                  0.0                  0.0   
Random Forest                1.0                  0.0                  0.0   
SVM                          1.0                  0.0                  0.0   
XGBoost                      1.0                  0.0                  0.0   
Neural Network               1.0                  0.0                  0.0   
Ensemble                     1.0                  0.0                  0.0   

                     balanced_accuracy  matthews_corrcoef  cohen_kappa  \
Logistic Regression                1.0                1.0          1.0   
Decision Tree                      1.0                1.0          1.0   
Naive Bayes                        1.0                1.0          1.0   
Random Forest                      1.0                1.0          1.0   
SVM                                1.0                1.0          1.0   
XGBoost                            1.0                1.0          1.0   
Neural Network                     1.0                1.0          1.0   
Ensemble                           1.0                1.0          1.0   

                     true_negative  false_positive  false_negative  \
Logistic Regression         1283.0             0.0             0.0   
Decision Tree               1283.0             0.0             0.0   
Naive Bayes                 1283.0             0.0             0.0   
Random Forest               1283.0             0.0             0.0   
SVM                         1283.0             0.0             0.0   
XGBoost                     1283.0             0.0             0.0   
Neural Network              1283.0             0.0             0.0   
Ensemble                    1283.0             0.0             0.0   

                     true_positive  roc_auc  pr_auc  
Logistic Regression          500.0      1.0     1.0  
Decision Tree                500.0      1.0     1.0  
Naive Bayes                  500.0      1.0     1.0  
Random Forest                500.0      1.0     1.0  
SVM                          500.0      1.0     1.0  
XGBoost                      500.0      1.0     1.0  
Neural Network               500.0      1.0     1.0  
Ensemble                     500.0      1.0     1.0

CELL 66 DISPLAY
<Figure size 880x770 with 1 Axes>

CELL 67 DISPLAY
<Figure size 880x770 with 1 Axes>

CELL 68 DISPLAY
<Figure size 2200x880 with 16 Axes>

CELL 69 DISPLAY
<Figure size 1540x660 with 1 Axes>

CELL 70 DISPLAY
<Figure size 1100x550 with 1 Axes>

CELL 71 DISPLAY
<Figure size 770x440 with 1 Axes>

CELL 72 DISPLAY
<Figure size 770x440 with 1 Axes>

CELL 74 OUTPUT
SHAP values computed. Shape: (300, 22)

CELL 75 DISPLAY
<Figure size 880x1045 with 2 Axes>

CELL 76 DISPLAY
<Figure size 880x1045 with 1 Axes>

CELL 77 DISPLAY
<Figure size 880x715 with 3 Axes>

CELL 78 DISPLAY
<Figure size 825x550 with 2 Axes>

CELL 79 OUTPUT
SHAP interactive force plot saved.

CELL 80 DISPLAY
<Figure size 704x528 with 1 Axes>

CELL 80 DISPLAY
<Figure size 704x528 with 1 Axes>

CELL 80 DISPLAY
<Figure size 704x528 with 1 Axes>

CELL 80 DISPLAY
<Figure size 704x528 with 1 Axes>

CELL 82 OUTPUT
Best model (test F1): Logistic Regression
Total FP: 0  |  Total FN: 0
FN by attack family:
 Series([], Name: count, dtype: int64)

CELL 82 DISPLAY
<Figure size 1540x550 with 2 Axes>

CELL 84 OUTPUT
Best overall (F1+FPR balance): Logistic Regression
Lowest FPR model              : Logistic Regression

CELL 84 DISPLAY
                     accuracy  f1_score  false_positive_rate  roc_auc  \
Logistic Regression       1.0       1.0                  0.0      1.0   
Decision Tree             1.0       1.0                  0.0      1.0   
Naive Bayes               1.0       1.0                  0.0      1.0   
Random Forest             1.0       1.0                  0.0      1.0   
SVM                       1.0       1.0                  0.0      1.0   
XGBoost                   1.0       1.0                  0.0      1.0   
Neural Network            1.0       1.0                  0.0      1.0   
Ensemble                  1.0       1.0                  0.0      1.0   

                     rank_f1  rank_fpr  combined  
Logistic Regression      4.5       4.5       9.0  
Decision Tree            4.5       4.5       9.0  
Naive Bayes              4.5       4.5       9.0  
Random Forest            4.5       4.5       9.0  
SVM                      4.5       4.5       9.0  
XGBoost                  4.5       4.5       9.0  
Neural Network           4.5       4.5       9.0  
Ensemble                 4.5       4.5       9.0

CELL 86 DISPLAY
<Figure size 990x550 with 1 Axes>

CELL 86 DISPLAY
                 Model    Seconds
2          Naive Bayes   0.003198
0  Logistic Regression   0.268935
1        Decision Tree   0.587449
4                  SVM   1.350184
5              XGBoost   3.434554
6       Neural Network  17.692094
3        Random Forest  23.728311

CELL 88 OUTPUT
CIC-IDS2018 binary balance:
 Label
0    5148
1    2776
Name: count, dtype: int64

CELL 89 OUTPUT
Selected features: 22  |  Common with 2018: 22  |  Imputed: 0
Aligned 2018 feature matrix: (7924, 22)

CELL 90 OUTPUT

Logistic Regression (CIC-IDS2018): F1=0.5189  FPR=1.0000  ROC-AUC=0.1050

Decision Tree (CIC-IDS2018): F1=0.4875  FPR=1.0000  ROC-AUC=0.4600

Naive Bayes (CIC-IDS2018): F1=0.5189  FPR=1.0000  ROC-AUC=0.5000

Random Forest (CIC-IDS2018): F1=0.5189  FPR=1.0000  ROC-AUC=0.4284

CELL 90 OUTPUT

SVM (CIC-IDS2018): F1=0.5189  FPR=1.0000  ROC-AUC=0.4033

XGBoost (CIC-IDS2018): F1=0.4974  FPR=0.9998  ROC-AUC=0.4880

CELL 90 OUTPUT

Neural Network (CIC-IDS2018): F1=0.5174  FPR=1.0000  ROC-AUC=0.0484

CELL 90 OUTPUT

Ensemble (CIC-IDS2018): F1=0.5189  FPR=1.0000  ROC-AUC=0.4597

CELL 91 DISPLAY
<Figure size 1980x550 with 3 Axes>

CELL 92 OUTPUT
Best generalising model on CIC-IDS2018: Logistic Regression

CELL 94 OUTPUT
{
  "best_model_cicids2017": "Logistic Regression",
  "lowest_fpr_model": "Logistic Regression",
  "best_gen_model_cic2018": "Logistic Regression",
  "ensemble_strategy": "soft_voting",
  "imbalance_strategy": "class_weight_balanced",
  "n_features_selected": 22,
  "cicids2017_test_size": 1783,
  "cic2018_test_size": 7924
}
